Microchip MPLAB XC8 Compiler V1.32 ()

Linker command line:

--edf=C:\Program Files (x86)\Microchip\xc8\v1.32\dat\en_msgs.txt -cs \
  -h+dist/18F2550/production\AccessB.X.production.sym \
  --cmf=dist/18F2550/production\AccessB.X.production.cmf -z -Q18F2550 \
  -oC:\Users\OMARTR~1\AppData\Local\Temp\s75o.6 \
  -Mdist/18F2550/production/AccessB.X.production.map -E1 -ver=XC8 \
  -ASTACK=0126h-03ffh -pstack=STACK -ACODE=00h-07FFFh -ACONST=00h-07FFFh \
  -ASMALLCONST=0800h-08FFhx120 -AMEDIUMCONST=0800h-07FFFh -ACOMRAM=01h-05Fh \
  -AABS1=00h-07FFh -ABIGRAM=01h-07FFh -ARAM=060h-0FFh,0100h-01FFhx7 \
  -ABANK0=060h-0FFh -ABANK1=0100h-01FFh -ABANK2=0200h-02FFh \
  -ABANK3=0300h-03FFh -ABANK4=0400h-04FFh -ABANK5=0500h-05FFh \
  -ABANK6=0600h-06FFh -ABANK7=0700h-07FFh -ASFR=0F60h-0FFFh \
  -preset_vec=00h,intcode=08h,intcodelo=018h,powerup,init,end_init \
  -pramtop=0800h -psmallconst=SMALLCONST -pmediumconst=MEDIUMCONST \
  -pconst=CONST -AFARRAM=00h-00h -ACONFIG=0300000h-030000Dh -pconfig=CONFIG \
  -AIDLOC=0200000h-0200007h -pidloc=IDLOC -AEEDATA=0F00000h-0F000FFh \
  -peeprom_data=EEDATA \
  -prdata=COMRAM,nvrram=COMRAM,nvbit=COMRAM,rbss=COMRAM,rbit=COMRAM \
  -pfarbss=FARRAM,fardata=FARRAM,nvFARRAM=FARRAM \
  -pintsave_regs=BIGRAM,bigbss=BIGRAM,bigdata=BIGRAM -pbss=RAM \
  -pidata=CODE,irdata=CODE,ibigdata=CODE,ifardata=CODE \
  C:\Users\OMARTR~1\AppData\Local\Temp\s75o.obj \
  dist/18F2550/production\AccessB.X.production.obj 

Object code version is 3.11

Machine type is 18F2550

Call graph: (short form)




                Name                               Link     Load   Length Selector   Space Scale
C:\Users\OMARTR~1\AppData\Local\Temp\s75o.obj
                end_init                            19A      19A        4        C       0
                reset_vec                             0        0        4        0       0
                idloc                            200000   200000        8   200000       0
                config                           300000   300000        E   300000       0
dist/18F2550/production\AccessB.X.production.obj
                intcodelo                            18       18      182        C       0
                intcode                               8        8       10        4       0
                smallconst                          800      800       C8      400       0
                text54                             3218     3218       E8      464       0
                text53                             3888     3888       A6      464       0
                text52                             37C4     37C4       C4      464       0
                text51                             2A30     2A30      10E      464       0
                text50                             3D78     3D78       5A      464       0
                text49                             3A6A     3A6A       9E      464       0
                text48                             3D1C     3D1C       5C      464       0
                text47                             356C     356C       CA      464       0
                text46                             3F4E     3F4E       38      464       0
                text45                             2E44     2E44      100      464       0
                text44                             3C54     3C54       66      464       0
                text43                             1C06     1C06      320      464       0
                text42                             28F2     28F2      13E      464       0
                text41                             36FE     36FE       C6      464       0
                text40                             4018     4018       2C      464       0
                text39                             2B3E     2B3E      106      464       0
                text38                             2D44     2D44      100      464       0
                text37                             39CC     39CC       9E      464       0
                text36                             303C     303C       F0      464       0
                text35                             392E     392E       9E      464       0
                text34                             312C     312C       EC      464       0
                text33                             4066     4066       1A      464       0
                text32                             3EA0     3EA0       3E      464       0
                text31                             3F16     3F16       38      464       0
                text30                             3E62     3E62       3E      464       0
                text29                             20A8     20A8      176      464       0
                text28                             279E     279E      154      464       0
                intcode_body                       3BE8     3BE8       6C      464       0
                text26                             34A2     34A2       CA      464       0
                text24                             3300     3300       D4      464       0
                text23                             33D4     33D4       CE      464       0
                text22                             2F44     2F44       F8      464       0
                text21                             24EC     24EC      15E      464       0
                text20                             3CBA     3CBA       62      464       0
                text19                             3DD2     3DD2       52      464       0
                text18                             3B08     3B08       72      464       0
                text17                             3B7A     3B7A       6E      464       0
                text16                             40AA     40AA       12      464       0
                text15                             11E6     11E6      524      464       0
                text14                             3FEA     3FEA       2E      464       0
                text13                             4096     4096       14      464       0
                text12                             221E     221E      16A      464       0
                text11                             2C44     2C44      100      464       0
                text10                             3636     3636       C8      464       0
                text9                              3E24     3E24       3E      464       0
                text8                              170A     170A      4FC      464       0
                text7                               8C8      8C8      91E      464       0
                text6                              2388     2388      164      464       0
                text5                              264A     264A      154      464       0
                text4                              4080     4080       16      464       0
                text3                              3FBC     3FBC       2E      464       0
                text2                              3EDE     3EDE       38      464       0
                text1                              1F26     1F26      182      464       0
                text0                              3F86     3F86       36      464       0
                cstackCOMRAM                          1        1       24        1       1
                cstackBANK0                          60       60       43       60       1
                cstackBANK1                         100      100       26      100       1
                bssBANK0                             A3       A3       28       60       1
                bssCOMRAM                            25       25       1F        1       1
                cinit                              4044     4044       22      464       0

TOTAL           Name                               Link     Load   Length     Space
        CLASS   STACK          

        CLASS   CODE           
                end_init                            19A      19A        4         0
                intcodelo                            18       18      182         0
                intcode                               8        8       10         0
                reset_vec                             0        0        4         0
                text54                             3218     3218       E8         0
                text53                             3888     3888       A6         0
                text52                             37C4     37C4       C4         0
                text51                             2A30     2A30      10E         0
                text50                             3D78     3D78       5A         0
                text49                             3A6A     3A6A       9E         0
                text48                             3D1C     3D1C       5C         0
                text47                             356C     356C       CA         0
                text46                             3F4E     3F4E       38         0
                text45                             2E44     2E44      100         0
                text44                             3C54     3C54       66         0
                text43                             1C06     1C06      320         0
                text42                             28F2     28F2      13E         0
                text41                             36FE     36FE       C6         0
                text40                             4018     4018       2C         0
                text39                             2B3E     2B3E      106         0
                text38                             2D44     2D44      100         0
                text37                             39CC     39CC       9E         0
                text36                             303C     303C       F0         0
                text35                             392E     392E       9E         0
                text34                             312C     312C       EC         0
                text33                             4066     4066       1A         0
                text32                             3EA0     3EA0       3E         0
                text31                             3F16     3F16       38         0
                text30                             3E62     3E62       3E         0
                text29                             20A8     20A8      176         0
                text28                             279E     279E      154         0
                intcode_body                       3BE8     3BE8       6C         0
                text26                             34A2     34A2       CA         0
                text24                             3300     3300       D4         0
                text23                             33D4     33D4       CE         0
                text22                             2F44     2F44       F8         0
                text21                             24EC     24EC      15E         0
                text20                             3CBA     3CBA       62         0
                text19                             3DD2     3DD2       52         0
                text18                             3B08     3B08       72         0
                text17                             3B7A     3B7A       6E         0
                text16                             40AA     40AA       12         0
                text15                             11E6     11E6      524         0
                text14                             3FEA     3FEA       2E         0
                text13                             4096     4096       14         0
                text12                             221E     221E      16A         0
                text11                             2C44     2C44      100         0
                text10                             3636     3636       C8         0
                text9                              3E24     3E24       3E         0
                text8                              170A     170A      4FC         0
                text7                               8C8      8C8      91E         0
                text6                              2388     2388      164         0
                text5                              264A     264A      154         0
                text4                              4080     4080       16         0
                text3                              3FBC     3FBC       2E         0
                text2                              3EDE     3EDE       38         0
                text1                              1F26     1F26      182         0
                text0                              3F86     3F86       36         0
                cinit                              4044     4044       22         0

        CLASS   CONST          

        CLASS   SMALLCONST     
                smallconst                          800      800       C8         0

        CLASS   MEDIUMCONST    

        CLASS   COMRAM         
                cstackCOMRAM                          1        1       24         1
                bssCOMRAM                            25       25       1F         1

        CLASS   ABS1           
                abs_s1                              400      400       30         1
                abs_s1                              500      500       80         1

        CLASS   BIGRAM         

        CLASS   RAM            

        CLASS   BANK0          
                cstackBANK0                          60       60       43         1
                bssBANK0                             A3       A3       28         1

        CLASS   BANK1          
                cstackBANK1                         100      100       26         1

        CLASS   BANK2          

        CLASS   BANK3          

        CLASS   BANK4          

        CLASS   BANK5          

        CLASS   BANK6          

        CLASS   BANK7          

        CLASS   SFR            

        CLASS   FARRAM         

        CLASS   CONFIG         
                config                           300000   300000        E         0

        CLASS   IDLOC          
                idloc                            200000   200000        8         0

        CLASS   EEDATA         



SEGMENTS        Name                           Load    Length   Top    Selector   Space  Class

                reset_vec                      000000  000004  000004         0       0  CODE    
                cstackCOMRAM                   000001  000043  000044         1       1  COMRAM  
                intcode                        000008  000010  000018         4       0  CODE    
                intcodelo                      000018  000186  00019E         C       0  CODE    
                cstackBANK0                    000060  00006B  0000CB        60       1  BANK0   
                cstackBANK1                    000100  000026  000126       100       1  BANK1   
                smallconst                     000800  0000C8  0008C8       400       0  SMALLCON
                text7                          0008C8  0037F4  0040BC       464       0  CODE    
                idloc                          200000  000008  200008    200000       0  IDLOC   
                config                         300000  00000E  30000E    300000       0  CONFIG  


UNUSED ADDRESS RANGES

        Name                Unused          Largest block    Delta
        BANK0            0000CB-0000FF               35
        BANK1            000126-0001FF               DA
        BANK2            000200-0002FF              100
        BANK3            000300-0003FF              100
        BANK4            000430-0004FF               D0
        BANK5            000580-0005FF               80
        BANK6            000600-0006FF              100
        BANK7            000700-0007FF              100
        BIGRAM           000044-00005F               1C
                         0000CB-0000FF               35
                         000126-0003FF              2DA
                         000430-0004FF               D0
                         000580-0007FF              280
        CODE             000004-000007                4
                         00019E-0007FF              662
                         0040BC-007FFF             3F44
        COMRAM           000044-00005F               1C
        CONST            000004-000007                4
                         00019E-0007FF              662
                         0040BC-007FFF             3F44
        EEDATA           F00000-F000FF              100
        MEDIUMCONST      0040BC-007FFF             3F44
        RAM              0000CB-0000FF               35
                         000126-0003FF              100
                         000430-0004FF               D0
                         000580-0007FF              100
        SFR              000F60-000FFF               A0
        SMALLCONST       0040BC-007FFF              100
        STACK            000126-0003FF              2DA

                                  Symbol Table

?_USBTransferOnePacket                    cstackBANK0  00008A
?i1_USBTransferOnePacket                  cstackCOMRAM 000001
?i2_USBTransferOnePacket                  cstackCOMRAM 00001D
EusartRx@n                                cstackBANK0  00008D
EusartTx@n                                cstackBANK0  00008D
I2cTransference@i                         cstackBANK0  00009C
I2cTransference@i_3432                    cstackBANK0  00009E
ReadSfr@FSR0Htemp                         cstackBANK0  000094
ReadSfr@FSR0Ltemp                         cstackBANK0  000092
SYSTEM_Initialize@state                   cstackBANK0  00008A
SpiTransference@counter                   cstackBANK0  00009A
SpiTransference@i                         cstackBANK0  00009C
USBConfigureEndpoint@EPNum                cstackCOMRAM 000022
USBConfigureEndpoint@direction            cstackCOMRAM 00001D
USBConfigureEndpoint@handle               cstackCOMRAM 000023
USBCtrlEPService@setup_cnt                cstackBANK0  00007A
USBCtrlTrfInHandler@lastDTS               cstackCOMRAM 00001E
USBCtrlTrfRxService@byteToRead            cstackCOMRAM 00001E
USBCtrlTrfRxService@i                     cstackCOMRAM 00001D
USBCtrlTrfTxService@byteToSend            cstackCOMRAM 00001D
USBDeviceInit@i                           cstackBANK0  000092
USBDeviceTasks@i                          cstackBANK0  00007B
USBEnableEndpoint@ep                      cstackBANK0  000065
USBEnableEndpoint@options                 cstackBANK0  000060
USBEnableEndpoint@p                       cstackBANK0  000063
USBStdFeatureReqHandler@current_ep_data   cstackBANK0  000073
USBStdFeatureReqHandler@p                 cstackBANK0  000074
USBStdFeatureReqHandler@pUEP              cstackBANK0  000071
USBStdGetStatusHandler@p                  cstackCOMRAM 00001E
USBStdSetCfgHandler@i                     cstackBANK0  00006E
USBTransferOnePacket@data                 cstackBANK0  00008B
USBTransferOnePacket@dir                  cstackBANK0  00008A
USBTransferOnePacket@ep                   cstackBANK0  00008E
USBTransferOnePacket@handle               cstackBANK0  00008F
USBTransferOnePacket@len                  cstackBANK0  00008D
USER_USB_CALLBACK_EVENT_HANDLER@event     cstackBANK0  000066
USER_USB_CALLBACK_EVENT_HANDLER@pdata     cstackBANK0  000068
USER_USB_CALLBACK_EVENT_HANDLER@size      cstackBANK0  00006A
WriteSfr@FSR0Htemp                        cstackBANK0  000094
WriteSfr@FSR0Ltemp                        cstackBANK0  000092
_ADCON0                                   (abs)        000FC2
_ADCON0Tmp                                bssBANK0     0000B3
_ADCON0bits                               (abs)        000FC2
_ADCON1                                   (abs)        000FC1
_ADCON1bits                               (abs)        000FC1
_ADCON2                                   (abs)        000FC0
_ADCON2Tmp                                bssBANK0     0000B5
_ADRESH                                   (abs)        000FC4
_ADRESL                                   (abs)        000FC3
_APP_DeviceCustomHIDInitialize            text46       003F4E
_APP_DeviceCustomHIDTasks                 text5        00264A
_APP_DeviceCustomHIDTasks$2368            cstackBANK0  0000A1
_AdcBufferedRead                          text24       003300
_AdcCfg                                   text23       0033D4
_AdcValue                                 text21       0024EC
_AdcValue$3344                            cstackBANK0  000092
_AdcValue$3345                            cstackBANK0  000094
_AdcValue$3346                            cstackBANK0  000096
_AnalogCmpCfg                             text20       003CBA
_BDT                                      (abs)        000400
_BothEP0OutUOWNsSet                       bssCOMRAM    000031
_BufferCounter                            bssCOMRAM    000029
_BufferPingPong                           bssBANK0     0000B7
_CCP1CON                                  (abs)        000FBD
_CCP2CON                                  (abs)        000FBA
_CCPR1L                                   (abs)        000FBE
_CCPR2L                                   (abs)        000FBB
_CMCON                                    (abs)        000FB4
_CMCONbits                                (abs)        000FB4
_CcpCfg                                   text19       003DD2
_CtrlTrfData                              (abs)        000428
_EusartRx                                 text18       003B08
_EusartTx                                 text17       003B7A
_FSR0H                                    (abs)        000FEA
_FSR0Htemp                                bssBANK0     0000B9
_FSR0L                                    (abs)        000FE9
_FSR0Ltemp                                bssBANK0     0000BB
_I2cCfg                                   text16       0040AA
_I2cTransference                          text15       0011E6
_I2cTransference$3420                     cstackBANK0  000096
_I2cTransference$3421                     cstackBANK0  000098
_I2cTransference$3422                     cstackBANK0  00009A
_INDF0                                    (abs)        000FEF
_INTCONbits                               (abs)        000FF2
_IPR1                                     (abs)        000F9F
_IPR2                                     (abs)        000FA2
_IPR2bits                                 (abs)        000FA2
_ISRLowPriority                           intcodelo    000018
_ISRLowPriority$1906                      cstackCOMRAM 00001B
_LATAbits                                 (abs)        000F89
_LATBbits                                 (abs)        000F8A
_LATCbits                                 (abs)        000F8B
_PIE1bits                                 (abs)        000F9D
_PIE2bits                                 (abs)        000FA0
_PIR1bits                                 (abs)        000F9E
_PIR2bits                                 (abs)        000FA1
_POSTINC0                                 (abs)        000FEE
_PR2                                      (abs)        000FCB
_PwmDc                                    text14       003FEA
_PwmFpwm                                  text13       004096
_RCONbits                                 (abs)        000FD0
_RCREG                                    (abs)        000FAE
_RCSTAbits                                (abs)        000FAB
_ReadSfr                                  text12       00221E
_ReadSfr$3335                             cstackBANK0  000096
_ReceivedDataBuffer                       (abs)        000500
_RemoteWakeup                             bssCOMRAM    000032
_SSPADD                                   (abs)        000FC8
_SSPBUF                                   (abs)        000FC9
_SSPCON1                                  (abs)        000FC6
_SSPCON2bits                              (abs)        000FC5
_SSPSTAT                                  (abs)        000FC7
_SSPSTATbits                              (abs)        000FC7
_SYSTEM_Initialize                        text4        004080
_SYS_InterruptHigh                        intcode      000008
_SetupPkt                                 (abs)        000420
_SfrChangeBitValue                        text11       002C44
_SfrReadBitValue                          text10       003636
_SpiCfg                                   text9        003E24
_SpiTransference                          text8        00170A
_SpiTransference$3367                     cstackBANK0  000094
_SpiTransference$3368                     cstackBANK0  000096
_SpiTransference$3369                     cstackBANK0  000098
_T2CONbits                                (abs)        000FCA
_TRISA                                    (abs)        000F92
_TRISAbits                                (abs)        000F92
_TRISB                                    (abs)        000F93
_TRISBbits                                (abs)        000F93
_TRISCbits                                (abs)        000F94
_TXREG                                    (abs)        000FAD
_TXSTAbits                                (abs)        000FAC
_Test                                     text7        0008C8
_Test$3472                                cstackBANK1  000100
_Test$3473                                cstackBANK1  000102
_Test$3474                                cstackBANK1  000104
_Test$3475                                cstackBANK1  000106
_Test$3476                                cstackBANK1  000108
_Test$3477                                cstackBANK1  00010A
_Test$3478                                cstackBANK1  00010C
_Test$3479                                cstackBANK1  00010E
_Test$3480                                cstackBANK1  000110
_Test$3481                                cstackBANK1  000112
_Test$3482                                cstackBANK1  000114
_Test$3483                                cstackBANK1  000116
_Test$3484                                cstackBANK1  000118
_Test$3485                                cstackBANK1  00011A
_Test$3486                                cstackBANK1  00011C
_Test$3487                                cstackBANK1  00011E
_Test$3488                                cstackBANK1  000120
_Test$3489                                cstackBANK1  000122
_Test$3490                                cstackBANK1  000124
_ToSendDataBuffer                         (abs)        000540
_UADDR                                    (abs)        000F6E
_UCFG                                     (abs)        000F6F
_UCON                                     (abs)        000F6D
_UCONbits                                 (abs)        000F6D
_UEIE                                     (abs)        000F6B
_UEIR                                     (abs)        000F6A
_UEP0                                     (abs)        000F70
_UEP0bits                                 (abs)        000F70
_UEP1                                     (abs)        000F71
_UIE                                      (abs)        000F69
_UIEbits                                  (abs)        000F69
_UIR                                      (abs)        000F68
_UIRbits                                  (abs)        000F68
_USB1msTickCount                          bssCOMRAM    000025
_USBActiveConfiguration                   bssCOMRAM    00003F
_USBAlternateInterface                    bssCOMRAM    000040
_USBBusIsSuspended                        bssCOMRAM    000033
_USBCheckHIDRequest                       text45       002E44
_USBCheckStdRequest                       text38       002D44
_USBConfigureEndpoint                     text49       003A6A
_USBCtrlEPAllowDataStage                  text37       0039CC
_USBCtrlEPAllowStatusStage                text52       0037C4
_USBCtrlEPService                         text34       00312C
_USBCtrlEPServiceComplete                 text36       00303C
_USBCtrlTrfInHandler                      text53       003888
_USBCtrlTrfOutHandler                     text50       003D78
_USBCtrlTrfRxService                      text51       002A30
_USBCtrlTrfSetupHandler                   text35       00392E
_USBCtrlTrfTxService                      text54       003218
_USBDeferINDataStagePackets               bssCOMRAM    000034
_USBDeferOUTDataStagePackets              bssCOMRAM    000035
_USBDeferStatusStagePacket                bssCOMRAM    000036
_USBDeviceAttach                          text3        003FBC
_USBDeviceInit                            text1        001F26
_USBDeviceState                           bssCOMRAM    000037
_USBDeviceTasks                           text28       00279E
_USBEnableEndpoint                        text48       003D1C
_USBInHandle                              bssCOMRAM    00002B
_USBIncrement1msInternalTimers            text33       004066
_USBOutHandle                             bssBANK0     0000BD
_USBStallHandler                          text32       003EA0
_USBStatusStageEnabledFlag1               bssCOMRAM    000038
_USBStatusStageEnabledFlag2               bssCOMRAM    000039
_USBStatusStageTimeoutCounter             bssCOMRAM    00003A
_USBStdFeatureReqHandler                  text43       001C06
_USBStdGetDscHandler                      text42       0028F2
_USBStdGetStatusHandler                   text41       0036FE
_USBStdSetCfgHandler                      text39       002B3E
_USBSuspend                               text31       003F16
_USBTicksSinceSuspendEnd                  bssCOMRAM    00003B
_USBTransferOnePacket                     text22       002F44
_USBWakeFromSuspend                       text30       003E62
_USB_CD_Ptr                               smallconst   000807
_USB_SD_Ptr                               smallconst   000801
_USER_USB_CALLBACK_EVENT_HANDLER          text44       003C54
_USTAT                                    (abs)        000F6C
_USTATcopy                                bssCOMRAM    000041
_WriteSfr                                 text6        002388
_WriteSfr$3339                            cstackBANK0  000096
__CFG_BOR$ON                              (abs)        000000
__CFG_BORV$3                              (abs)        000000
__CFG_CP0$OFF                             (abs)        000000
__CFG_CP1$OFF                             (abs)        000000
__CFG_CPB$OFF                             (abs)        000000
__CFG_CPUDIV$OSC1_PLL2                    (abs)        000000
__CFG_EBTR0$OFF                           (abs)        000000
__CFG_EBTR1$OFF                           (abs)        000000
__CFG_EBTRB$OFF                           (abs)        000000
__CFG_FCMEN$OFF                           (abs)        000000
__CFG_FOSC$XTPLL_XT                       (abs)        000000
__CFG_IESO$OFF                            (abs)        000000
__CFG_LPT1OSC$OFF                         (abs)        000000
__CFG_LVP$OFF                             (abs)        000000
__CFG_MCLRE$OFF                           (abs)        000000
__CFG_PBADEN$OFF                          (abs)        000000
__CFG_PLLDIV$1                            (abs)        000000
__CFG_PWRT$OFF                            (abs)        000000
__CFG_STVREN$ON                           (abs)        000000
__CFG_USBDIV$2                            (abs)        000000
__CFG_VREGEN$ON                           (abs)        000000
__CFG_WDT$OFF                             (abs)        000000
__CFG_WDTPS$32768                         (abs)        000000
__CFG_WRT0$OFF                            (abs)        000000
__CFG_WRT1$OFF                            (abs)        000000
__CFG_WRTB$OFF                            (abs)        000000
__CFG_WRTC$OFF                            (abs)        000000
__CFG_XINST$OFF                           (abs)        000000
__HRAM                                    (abs)        000000
__Habs1                                   abs1         000000
__Hbank0                                  bank0        000000
__Hbank1                                  bank1        000000
__Hbank2                                  bank2        000000
__Hbank3                                  bank3        000000
__Hbank4                                  bank4        000000
__Hbank5                                  bank5        000000
__Hbank6                                  bank6        000000
__Hbank7                                  bank7        000000
__Hbigbss                                 bigbss       000000
__Hbigdata                                bigdata      000000
__Hbigram                                 bigram       000000
__Hbss                                    bss          000000
__HbssBANK0                               bssBANK0     000000
__HbssCOMRAM                              bssCOMRAM    000000
__Hcinit                                  cinit        000000
__Hclrtext                                clrtext      000000
__Hcomram                                 comram       000000
__Hconfig                                 config       30000E
__Hconst                                  const        000000
__HcstackBANK0                            cstackBANK0  000000
__HcstackBANK1                            cstackBANK1  000000
__HcstackCOMRAM                           cstackCOMRAM 000000
__Hdata                                   data         000000
__Heeprom_data                            eeprom_data  000000
__Hend_init                               end_init     00019E
__Hfarbss                                 farbss       000000
__Hfardata                                fardata      000000
__Hibigdata                               ibigdata     000000
__Hidata                                  idata        000000
__Hidloc                                  idloc        200008
__Hifardata                               ifardata     000000
__Hinit                                   init         00019A
__Hintcode                                intcode      000018
__Hintcode_body                           intcode_body 000000
__Hintcodelo                              intcodelo    00019A
__Hintentry                               intentry     000000
__Hintret                                 intret       000000
__Hintsave_regs                           intsave_regs 000000
__Hirdata                                 irdata       000000
__Hmediumconst                            mediumconst  000000
__HnvFARRAM                               nvFARRAM     000000
__Hnvbit                                  nvbit        000000
__Hnvrram                                 nvrram       000000
__Hparam                                  rparam       000000
__Hpowerup                                powerup      00019A
__Hram                                    ram          000000
__Hramtop                                 ramtop       000800
__Hrbit                                   rbit         000000
__Hrbss                                   rbss         000000
__Hrdata                                  rdata        000000
__Hreset_vec                              reset_vec    000004
__Hrparam                                 rparam       000000
__Hsfr                                    sfr          000000
__Hsmallconst                             smallconst   0008C8
__Hspace_0                                (abs)        30000E
__Hspace_1                                (abs)        000126
__Hspace_2                                (abs)        000000
__Hstack                                  stack        000000
__Hstruct                                 struct       000000
__Htemp                                   temp         000000
__Htext                                   text         000000
__Htext0                                  text0        000000
__Htext1                                  text1        000000
__Htext10                                 text10       000000
__Htext11                                 text11       000000
__Htext12                                 text12       000000
__Htext13                                 text13       000000
__Htext14                                 text14       000000
__Htext15                                 text15       000000
__Htext16                                 text16       000000
__Htext17                                 text17       000000
__Htext18                                 text18       000000
__Htext19                                 text19       000000
__Htext2                                  text2        000000
__Htext20                                 text20       000000
__Htext21                                 text21       000000
__Htext22                                 text22       000000
__Htext23                                 text23       000000
__Htext24                                 text24       000000
__Htext26                                 text26       000000
__Htext28                                 text28       000000
__Htext29                                 text29       000000
__Htext3                                  text3        000000
__Htext30                                 text30       000000
__Htext31                                 text31       000000
__Htext32                                 text32       000000
__Htext33                                 text33       000000
__Htext34                                 text34       000000
__Htext35                                 text35       000000
__Htext36                                 text36       000000
__Htext37                                 text37       000000
__Htext38                                 text38       000000
__Htext39                                 text39       000000
__Htext4                                  text4        000000
__Htext40                                 text40       000000
__Htext41                                 text41       000000
__Htext42                                 text42       000000
__Htext43                                 text43       000000
__Htext44                                 text44       000000
__Htext45                                 text45       000000
__Htext46                                 text46       000000
__Htext47                                 text47       000000
__Htext48                                 text48       000000
__Htext49                                 text49       000000
__Htext5                                  text5        000000
__Htext50                                 text50       000000
__Htext51                                 text51       000000
__Htext52                                 text52       000000
__Htext53                                 text53       000000
__Htext54                                 text54       000000
__Htext6                                  text6        000000
__Htext7                                  text7        000000
__Htext8                                  text8        000000
__Htext9                                  text9        000000
__LRAM                                    (abs)        000001
__Labs1                                   abs1         000000
__Lbank0                                  bank0        000000
__Lbank1                                  bank1        000000
__Lbank2                                  bank2        000000
__Lbank3                                  bank3        000000
__Lbank4                                  bank4        000000
__Lbank5                                  bank5        000000
__Lbank6                                  bank6        000000
__Lbank7                                  bank7        000000
__Lbigbss                                 bigbss       000000
__Lbigdata                                bigdata      000000
__Lbigram                                 bigram       000000
__Lbss                                    bss          000000
__LbssBANK0                               bssBANK0     000000
__LbssCOMRAM                              bssCOMRAM    000000
__Lcinit                                  cinit        000000
__Lclrtext                                clrtext      000000
__Lcomram                                 comram       000000
__Lconfig                                 config       300000
__Lconst                                  const        000000
__LcstackBANK0                            cstackBANK0  000000
__LcstackBANK1                            cstackBANK1  000000
__LcstackCOMRAM                           cstackCOMRAM 000000
__Ldata                                   data         000000
__Leeprom_data                            eeprom_data  000000
__Lend_init                               end_init     00019A
__Lfarbss                                 farbss       000000
__Lfardata                                fardata      000000
__Libigdata                               ibigdata     000000
__Lidata                                  idata        000000
__Lidloc                                  idloc        200000
__Lifardata                               ifardata     000000
__Linit                                   init         00019A
__Lintcode                                intcode      000008
__Lintcode_body                           intcode_body 000000
__Lintcodelo                              intcodelo    000018
__Lintentry                               intentry     000000
__Lintret                                 intret       000000
__Lintsave_regs                           intsave_regs 000000
__Lirdata                                 irdata       000000
__Lmediumconst                            mediumconst  000000
__LnvFARRAM                               nvFARRAM     000000
__Lnvbit                                  nvbit        000000
__Lnvrram                                 nvrram       000000
__Lparam                                  rparam       000000
__Lpowerup                                powerup      00019A
__Lram                                    ram          000000
__Lramtop                                 ramtop       000800
__Lrbit                                   rbit         000000
__Lrbss                                   rbss         000000
__Lrdata                                  rdata        000000
__Lreset_vec                              reset_vec    000000
__Lrparam                                 rparam       000000
__Lsfr                                    sfr          000000
__Lsmallconst                             smallconst   000800
__Lspace_0                                (abs)        000000
__Lspace_1                                (abs)        000000
__Lspace_2                                (abs)        000000
__Lstack                                  stack        000000
__Lstruct                                 struct       000000
__Ltemp                                   temp         000000
__Ltext                                   text         000000
__Ltext0                                  text0        000000
__Ltext1                                  text1        000000
__Ltext10                                 text10       000000
__Ltext11                                 text11       000000
__Ltext12                                 text12       000000
__Ltext13                                 text13       000000
__Ltext14                                 text14       000000
__Ltext15                                 text15       000000
__Ltext16                                 text16       000000
__Ltext17                                 text17       000000
__Ltext18                                 text18       000000
__Ltext19                                 text19       000000
__Ltext2                                  text2        000000
__Ltext20                                 text20       000000
__Ltext21                                 text21       000000
__Ltext22                                 text22       000000
__Ltext23                                 text23       000000
__Ltext24                                 text24       000000
__Ltext26                                 text26       000000
__Ltext28                                 text28       000000
__Ltext29                                 text29       000000
__Ltext3                                  text3        000000
__Ltext30                                 text30       000000
__Ltext31                                 text31       000000
__Ltext32                                 text32       000000
__Ltext33                                 text33       000000
__Ltext34                                 text34       000000
__Ltext35                                 text35       000000
__Ltext36                                 text36       000000
__Ltext37                                 text37       000000
__Ltext38                                 text38       000000
__Ltext39                                 text39       000000
__Ltext4                                  text4        000000
__Ltext40                                 text40       000000
__Ltext41                                 text41       000000
__Ltext42                                 text42       000000
__Ltext43                                 text43       000000
__Ltext44                                 text44       000000
__Ltext45                                 text45       000000
__Ltext46                                 text46       000000
__Ltext47                                 text47       000000
__Ltext48                                 text48       000000
__Ltext49                                 text49       000000
__Ltext5                                  text5        000000
__Ltext50                                 text50       000000
__Ltext51                                 text51       000000
__Ltext52                                 text52       000000
__Ltext53                                 text53       000000
__Ltext54                                 text54       000000
__Ltext6                                  text6        000000
__Ltext7                                  text7        000000
__Ltext8                                  text8        000000
__Ltext9                                  text9        000000
__S0                                      (abs)        30000E
__S1                                      (abs)        000126
__S2                                      (abs)        000000
___inthi_sp                               stack        000000
___intlo_sp                               stack        000000
___sp                                     stack        000000
__accesstop                               (abs)        000060
__activetblptr                            (abs)        000002
__end_of_APP_DeviceCustomHIDInitialize    text46       003F86
__end_of_APP_DeviceCustomHIDTasks         text5        00279E
__end_of_AdcBufferedRead                  text24       0033D4
__end_of_AdcCfg                           text23       0034A2
__end_of_AdcValue                         text21       00264A
__end_of_AnalogCmpCfg                     text20       003D1C
__end_of_CcpCfg                           text19       003E24
__end_of_EusartRx                         text18       003B7A
__end_of_EusartTx                         text17       003BE8
__end_of_I2cCfg                           text16       0040BC
__end_of_I2cTransference                  text15       00170A
__end_of_ISRLowPriority                   intcodelo    00019A
__end_of_PwmDc                            text14       004018
__end_of_PwmFpwm                          text13       0040AA
__end_of_ReadSfr                          text12       002388
__end_of_SYSTEM_Initialize                text4        004096
__end_of_SYS_InterruptHigh                intcode_body 003C54
__end_of_SfrChangeBitValue                text11       002D44
__end_of_SfrReadBitValue                  text10       0036FE
__end_of_SpiCfg                           text9        003E62
__end_of_SpiTransference                  text8        001C06
__end_of_Test                             text7        0011E6
__end_of_USBCheckHIDRequest               text45       002F44
__end_of_USBCheckStdRequest               text38       002E44
__end_of_USBConfigureEndpoint             text49       003B08
__end_of_USBCtrlEPAllowDataStage          text37       003A6A
__end_of_USBCtrlEPAllowStatusStage        text52       003888
__end_of_USBCtrlEPService                 text34       003218
__end_of_USBCtrlEPServiceComplete         text36       00312C
__end_of_USBCtrlTrfInHandler              text53       00392E
__end_of_USBCtrlTrfOutHandler             text50       003DD2
__end_of_USBCtrlTrfRxService              text51       002B3E
__end_of_USBCtrlTrfSetupHandler           text35       0039CC
__end_of_USBCtrlTrfTxService              text54       003300
__end_of_USBDeviceAttach                  text3        003FEA
__end_of_USBDeviceInit                    text1        0020A8
__end_of_USBDeviceTasks                   text28       0028F2
__end_of_USBEnableEndpoint                text48       003D78
__end_of_USBIncrement1msInternalTimers    text33       004080
__end_of_USBStallHandler                  text32       003EDE
__end_of_USBStdFeatureReqHandler          text43       001F26
__end_of_USBStdGetDscHandler              text42       002A30
__end_of_USBStdGetStatusHandler           text41       0037C4
__end_of_USBStdSetCfgHandler              text39       002C44
__end_of_USBSuspend                       text31       003F4E
__end_of_USBTransferOnePacket             text22       00303C
__end_of_USBWakeFromSuspend               text30       003EA0
__end_of_USB_CD_Ptr                       smallconst   000809
__end_of_USB_SD_Ptr                       smallconst   000807
__end_of_USER_USB_CALLBACK_EVENT_HANDLER  text44       003CBA
__end_of_WriteSfr                         text6        0024EC
__end_of__initialization                  cinit        00405C
__end_of_configDescriptor1                smallconst   000894
__end_of_device_dsc                       smallconst   0008C3
__end_of_hid_rpt01                        smallconst   0008B1
__end_of_main                             text0        003FBC
__end_of_memset                           text2        003F16
__end_of_sd000                            smallconst   0008C7
__end_of_sd001                            smallconst   00083D
__end_of_sd002                            smallconst   00086B
__end_ofi1_USBTransferOnePacket           text26       00356C
__end_ofi2_USBDeviceInit                  text29       00221E
__end_ofi2_USBTransferOnePacket           text47       003636
__end_ofi2_memset                         text40       004044
__initialization                          cinit        004044
__mediumconst                             mediumconst  000000
__pbssBANK0                               bssBANK0     0000A3
__pbssCOMRAM                              bssCOMRAM    000025
__pcinit                                  cinit        004044
__pcstackBANK0                            cstackBANK0  000060
__pcstackBANK1                            cstackBANK1  000100
__pcstackCOMRAM                           cstackCOMRAM 000001
__pintcode                                intcode      000008
__pintcode_body                           intcode_body 003BE8
__pintcodelo                              intcodelo    000018
__psmallconst                             smallconst   000800
__ptext0                                  text0        003F86
__ptext1                                  text1        001F26
__ptext10                                 text10       003636
__ptext11                                 text11       002C44
__ptext12                                 text12       00221E
__ptext13                                 text13       004096
__ptext14                                 text14       003FEA
__ptext15                                 text15       0011E6
__ptext16                                 text16       0040AA
__ptext17                                 text17       003B7A
__ptext18                                 text18       003B08
__ptext19                                 text19       003DD2
__ptext2                                  text2        003EDE
__ptext20                                 text20       003CBA
__ptext21                                 text21       0024EC
__ptext22                                 text22       002F44
__ptext23                                 text23       0033D4
__ptext24                                 text24       003300
__ptext26                                 text26       0034A2
__ptext28                                 text28       00279E
__ptext29                                 text29       0020A8
__ptext3                                  text3        003FBC
__ptext30                                 text30       003E62
__ptext31                                 text31       003F16
__ptext32                                 text32       003EA0
__ptext33                                 text33       004066
__ptext34                                 text34       00312C
__ptext35                                 text35       00392E
__ptext36                                 text36       00303C
__ptext37                                 text37       0039CC
__ptext38                                 text38       002D44
__ptext39                                 text39       002B3E
__ptext4                                  text4        004080
__ptext40                                 text40       004018
__ptext41                                 text41       0036FE
__ptext42                                 text42       0028F2
__ptext43                                 text43       001C06
__ptext44                                 text44       003C54
__ptext45                                 text45       002E44
__ptext46                                 text46       003F4E
__ptext47                                 text47       00356C
__ptext48                                 text48       003D1C
__ptext49                                 text49       003A6A
__ptext5                                  text5        00264A
__ptext50                                 text50       003D78
__ptext51                                 text51       002A30
__ptext52                                 text52       0037C4
__ptext53                                 text53       003888
__ptext54                                 text54       003218
__ptext6                                  text6        002388
__ptext7                                  text7        0008C8
__ptext8                                  text8        00170A
__ptext9                                  text9        003E24
__ramtop                                  ramtop       000800
__size_of_APP_DeviceCustomHIDInitialize   (abs)        000000
__size_of_APP_DeviceCustomHIDTasks        (abs)        000000
__size_of_AdcBufferedRead                 (abs)        000000
__size_of_AdcCfg                          (abs)        000000
__size_of_AdcValue                        (abs)        000000
__size_of_AnalogCmpCfg                    (abs)        000000
__size_of_CcpCfg                          (abs)        000000
__size_of_EusartRx                        (abs)        000000
__size_of_EusartTx                        (abs)        000000
__size_of_I2cCfg                          (abs)        000000
__size_of_I2cTransference                 (abs)        000000
__size_of_ISRLowPriority                  (abs)        000000
__size_of_PwmDc                           (abs)        000000
__size_of_PwmFpwm                         (abs)        000000
__size_of_ReadSfr                         (abs)        000000
__size_of_SYSTEM_Initialize               (abs)        000000
__size_of_SYS_InterruptHigh               (abs)        000000
__size_of_SfrChangeBitValue               (abs)        000000
__size_of_SfrReadBitValue                 (abs)        000000
__size_of_SpiCfg                          (abs)        000000
__size_of_SpiTransference                 (abs)        000000
__size_of_Test                            (abs)        000000
__size_of_USBCheckHIDRequest              (abs)        000000
__size_of_USBCheckStdRequest              (abs)        000000
__size_of_USBConfigureEndpoint            (abs)        000000
__size_of_USBCtrlEPAllowDataStage         (abs)        000000
__size_of_USBCtrlEPAllowStatusStage       (abs)        000000
__size_of_USBCtrlEPService                (abs)        000000
__size_of_USBCtrlEPServiceComplete        (abs)        000000
__size_of_USBCtrlTrfInHandler             (abs)        000000
__size_of_USBCtrlTrfOutHandler            (abs)        000000
__size_of_USBCtrlTrfRxService             (abs)        000000
__size_of_USBCtrlTrfSetupHandler          (abs)        000000
__size_of_USBCtrlTrfTxService             (abs)        000000
__size_of_USBDeviceAttach                 (abs)        000000
__size_of_USBDeviceInit                   (abs)        000000
__size_of_USBDeviceTasks                  (abs)        000000
__size_of_USBEnableEndpoint               (abs)        000000
__size_of_USBIncrement1msInternalTimers   (abs)        000000
__size_of_USBStallHandler                 (abs)        000000
__size_of_USBStdFeatureReqHandler         (abs)        000000
__size_of_USBStdGetDscHandler             (abs)        000000
__size_of_USBStdGetStatusHandler          (abs)        000000
__size_of_USBStdSetCfgHandler             (abs)        000000
__size_of_USBSuspend                      (abs)        000000
__size_of_USBTransferOnePacket            (abs)        000000
__size_of_USBWakeFromSuspend              (abs)        000000
__size_of_USER_USB_CALLBACK_EVENT_HANDLER (abs)        000000
__size_of_WriteSfr                        (abs)        000000
__size_of_main                            (abs)        000000
__size_of_memset                          (abs)        000000
__size_ofi1_USBTransferOnePacket          (abs)        000000
__size_ofi2_USBDeviceInit                 (abs)        000000
__size_ofi2_USBTransferOnePacket          (abs)        000000
__size_ofi2_memset                        (abs)        000000
__smallconst                              smallconst   000800
_active_protocol                          bssCOMRAM    000042
_configDescriptor1                        smallconst   00086B
_controlTransferState                     bssCOMRAM    00003C
_device_dsc                               smallconst   0008B1
_endpoint_number                          bssCOMRAM    00003D
_ep_data_in                               bssBANK0     0000BF
_ep_data_out                              bssBANK0     0000C1
_hid_rpt01                                smallconst   000894
_idle_rate                                bssCOMRAM    000043
_inPipes                                  bssBANK0     0000C5
_main                                     text0        003F86
_memset                                   text2        003EDE
_outPipes                                 bssBANK0     0000A3
_pBDTEntryEP0OutCurrent                   bssCOMRAM    00002D
_pBDTEntryEP0OutNext                      bssCOMRAM    00002F
_pBDTEntryIn                              bssBANK0     0000AB
_pBDTEntryOut                             bssBANK0     0000AF
_pDst                                     bssBANK0     0000C3
_sd000                                    smallconst   0008C3
_sd001                                    smallconst   000809
_sd002                                    smallconst   00083D
_shortPacketStatus                        bssCOMRAM    00003E
end_of_initialization                     cinit        00405C
i1USBTransferOnePacket@data               cstackCOMRAM 000002
i1USBTransferOnePacket@dir                cstackCOMRAM 000001
i1USBTransferOnePacket@ep                 cstackCOMRAM 000005
i1USBTransferOnePacket@handle             cstackCOMRAM 000006
i1USBTransferOnePacket@len                cstackCOMRAM 000004
i1_USBTransferOnePacket                   text26       0034A2
i2USBDeviceInit@i                         cstackBANK0  000060
i2USBTransferOnePacket@data               cstackCOMRAM 00001E
i2USBTransferOnePacket@dir                cstackCOMRAM 00001D
i2USBTransferOnePacket@ep                 cstackCOMRAM 000021
i2USBTransferOnePacket@handle             cstackCOMRAM 000022
i2USBTransferOnePacket@len                cstackCOMRAM 000020
i2_USBDeviceInit                          text29       0020A8
i2_USBTransferOnePacket                   text47       00356C
i2_memset                                 text40       004018
i2memset@c                                cstackCOMRAM 00001F
i2memset@n                                cstackCOMRAM 000021
i2memset@p                                cstackCOMRAM 000023
i2memset@p1                               cstackCOMRAM 00001D
int_func                                  intcode_body 003BE8
intlevel0                                 text         000000
intlevel1                                 text         000000
intlevel2                                 text         000000
intlevel3                                 text         000000
memset@c                                  cstackBANK0  00008C
memset@n                                  cstackBANK0  00008E
memset@p                                  cstackBANK0  000090
memset@p1                                 cstackBANK0  00008A
stackhi                                   (abs)        0003FF
stacklo                                   (abs)        000126
start                                     init         00019A
start_initialization                      cinit        004044


FUNCTION INFORMATION:

 *************** function _main *****************
 Defined at:
		line 33 in file "main.c"
 Parameters:    Size  Location     Type
		None
 Auto vars:     Size  Location     Type
		None
 Return value:  Size  Location     Type
		None               void
 Registers used:
		wreg, fsr2l, fsr2h, status,2, status,0, prodl, prodh, cstack
 Tracked objects:
		On entry : 
		On exit  : 
		Unchanged: 
 Data sizes:     COMRAM   BANK0   BANK1   BANK2   BANK3   BANK4  BANK5h   BANK6   BANK7
      Params:         0       0       0       0       0       0       0       0       0
      Locals:         0       0       0       0       0       0       0       0       0
      Temps:          0       0       0       0       0       0       0       0       0
      Totals:         0       0       0       0       0       0       0       0       0
Total ram usage:        0 bytes
 Hardware stack levels required when called:   15
 This function calls:
		_APP_DeviceCustomHIDTasks
		_SYSTEM_Initialize
		_USBDeviceAttach
		_USBDeviceInit
 This function is called by:
		Startup code after reset
 This function uses a non-reentrant model


 *************** function _USBDeviceInit *****************
 Defined at:
		line 295 in file "usb_device.c"
 Parameters:    Size  Location     Type
		None
 Auto vars:     Size  Location     Type
  i               1   50[BANK0 ] unsigned char 
 Return value:  Size  Location     Type
		None               void
 Registers used:
		wreg, fsr2l, fsr2h, status,2, status,0, prodl, prodh, cstack
 Tracked objects:
		On entry : 
		On exit  : 
		Unchanged: 
 Data sizes:     COMRAM   BANK0   BANK1   BANK2   BANK3   BANK4  BANK5h   BANK6   BANK7
      Params:         0       0       0       0       0       0       0       0       0
      Locals:         0       1       0       0       0       0       0       0       0
      Temps:          0       0       0       0       0       0       0       0       0
      Totals:         0       1       0       0       0       0       0       0       0
Total ram usage:        1 bytes
 Hardware stack levels used:    1
 Hardware stack levels required when called:   13
 This function calls:
		_memset
 This function is called by:
		_main
 This function uses a non-reentrant model


 *************** function _memset *****************
 Defined at:
		line 8 in file "C:\Program Files (x86)\Microchip\xc8\v1.32\sources\common\memset.c"
 Parameters:    Size  Location     Type
  p1              2   42[BANK0 ] PTR void 
		 -> USBAlternateInterface(1), BDT(32), UEP1(1), 
  c               2   44[BANK0 ] int 
  n               2   46[BANK0 ] unsigned int 
 Auto vars:     Size  Location     Type
  p               2   48[BANK0 ] PTR unsigned char 
		 -> USBAlternateInterface(1), BDT(32), UEP1(1), 
 Return value:  Size  Location     Type
                  2   42[BANK0 ] PTR void 
 Registers used:
		wreg, fsr2l, fsr2h, status,2, status,0
 Tracked objects:
		On entry : 
		On exit  : 
		Unchanged: 
 Data sizes:     COMRAM   BANK0   BANK1   BANK2   BANK3   BANK4  BANK5h   BANK6   BANK7
      Params:         0       6       0       0       0       0       0       0       0
      Locals:         0       2       0       0       0       0       0       0       0
      Temps:          0       0       0       0       0       0       0       0       0
      Totals:         0       8       0       0       0       0       0       0       0
Total ram usage:        8 bytes
 Hardware stack levels used:    1
 Hardware stack levels required when called:   12
 This function calls:
		Nothing
 This function is called by:
		_USBDeviceInit
 This function uses a non-reentrant model


 *************** function _USBDeviceAttach *****************
 Defined at:
		line 1366 in file "usb_device.c"
 Parameters:    Size  Location     Type
		None
 Auto vars:     Size  Location     Type
		None
 Return value:  Size  Location     Type
		None               void
 Registers used:
		wreg, status,2
 Tracked objects:
		On entry : 
		On exit  : 
		Unchanged: 
 Data sizes:     COMRAM   BANK0   BANK1   BANK2   BANK3   BANK4  BANK5h   BANK6   BANK7
      Params:         0       0       0       0       0       0       0       0       0
      Locals:         0       0       0       0       0       0       0       0       0
      Temps:          0       0       0       0       0       0       0       0       0
      Totals:         0       0       0       0       0       0       0       0       0
Total ram usage:        0 bytes
 Hardware stack levels used:    1
 Hardware stack levels required when called:   12
 This function calls:
		Nothing
 This function is called by:
		_main
 This function uses a non-reentrant model


 *************** function _SYSTEM_Initialize *****************
 Defined at:
		line 81 in file "system.c"
 Parameters:    Size  Location     Type
  state           1    wreg     enum E4775
 Auto vars:     Size  Location     Type
  state           1   42[BANK0 ] enum E4775
 Return value:  Size  Location     Type
		None               void
 Registers used:
		wreg, status,2, status,0
 Tracked objects:
		On entry : 
		On exit  : 
		Unchanged: 
 Data sizes:     COMRAM   BANK0   BANK1   BANK2   BANK3   BANK4  BANK5h   BANK6   BANK7
      Params:         0       0       0       0       0       0       0       0       0
      Locals:         0       1       0       0       0       0       0       0       0
      Temps:          0       0       0       0       0       0       0       0       0
      Totals:         0       1       0       0       0       0       0       0       0
Total ram usage:        1 bytes
 Hardware stack levels used:    1
 Hardware stack levels required when called:   12
 This function calls:
		Nothing
 This function is called by:
		_main
 This function uses a non-reentrant model


 *************** function _APP_DeviceCustomHIDTasks *****************
 Defined at:
		line 126 in file "app_device_custom_hid.c"
 Parameters:    Size  Location     Type
		None
 Auto vars:     Size  Location     Type
		None
 Return value:  Size  Location     Type
		None               void
 Registers used:
		wreg, fsr2l, fsr2h, status,2, status,0, prodl, prodh, cstack
 Tracked objects:
		On entry : 
		On exit  : 
		Unchanged: 
 Data sizes:     COMRAM   BANK0   BANK1   BANK2   BANK3   BANK4  BANK5h   BANK6   BANK7
      Params:         0       0       0       0       0       0       0       0       0
      Locals:         0       2       0       0       0       0       0       0       0
      Temps:          0       1       0       0       0       0       0       0       0
      Totals:         0       3       0       0       0       0       0       0       0
Total ram usage:        3 bytes
 Hardware stack levels used:    1
 Hardware stack levels required when called:   14
 This function calls:
		_AdcBufferedRead
		_AdcCfg
		_AdcValue
		_AnalogCmpCfg
		_CcpCfg
		_EusartRx
		_EusartTx
		_I2cCfg
		_I2cTransference
		_PwmDc
		_PwmFpwm
		_ReadSfr
		_SfrChangeBitValue
		_SfrReadBitValue
		_SpiCfg
		_SpiTransference
		_Test
		_USBTransferOnePacket
		_WriteSfr
 This function is called by:
		_main
 This function uses a non-reentrant model


 *************** function _WriteSfr *****************
 Defined at:
		line 148 in file "AccessB.c"
 Parameters:    Size  Location     Type
		None
 Auto vars:     Size  Location     Type
  FSR0Htemp       2   52[BANK0 ] int 
  FSR0Ltemp       2   50[BANK0 ] int 
 Return value:  Size  Location     Type
		None               void
 Registers used:
		wreg, fsr2l, fsr2h, status,2, status,0, prodl, prodh, cstack
 Tracked objects:
		On entry : 
		On exit  : 
		Unchanged: 
 Data sizes:     COMRAM   BANK0   BANK1   BANK2   BANK3   BANK4  BANK5h   BANK6   BANK7
      Params:         0       0       0       0       0       0       0       0       0
      Locals:         0       6       0       0       0       0       0       0       0
      Temps:          0       1       0       0       0       0       0       0       0
      Totals:         0       7       0       0       0       0       0       0       0
Total ram usage:        7 bytes
 Hardware stack levels used:    1
 Hardware stack levels required when called:   13
 This function calls:
		_USBTransferOnePacket
 This function is called by:
		_APP_DeviceCustomHIDTasks
 This function uses a non-reentrant model


 *************** function _Test *****************
 Defined at:
		line 1153 in file "AccessB.c"
 Parameters:    Size  Location     Type
		None
 Auto vars:     Size  Location     Type
		None
 Return value:  Size  Location     Type
		None               void
 Registers used:
		wreg, fsr2l, fsr2h, status,2, status,0, prodl, prodh, cstack
 Tracked objects:
		On entry : 
		On exit  : 
		Unchanged: 
 Data sizes:     COMRAM   BANK0   BANK1   BANK2   BANK3   BANK4  BANK5h   BANK6   BANK7
      Params:         0       0       0       0       0       0       0       0       0
      Locals:         0       0      38       0       0       0       0       0       0
      Temps:          0       1       0       0       0       0       0       0       0
      Totals:         0       1      38       0       0       0       0       0       0
Total ram usage:       39 bytes
 Hardware stack levels used:    1
 Hardware stack levels required when called:   13
 This function calls:
		_USBTransferOnePacket
 This function is called by:
		_APP_DeviceCustomHIDTasks
 This function uses a non-reentrant model


 *************** function _SpiTransference *****************
 Defined at:
		line 351 in file "AccessB.c"
 Parameters:    Size  Location     Type
		None
 Auto vars:     Size  Location     Type
  i               2   60[BANK0 ] int 
  counter         2   58[BANK0 ] int 
 Return value:  Size  Location     Type
		None               void
 Registers used:
		wreg, fsr2l, fsr2h, status,2, status,0, prodl, prodh, cstack
 Tracked objects:
		On entry : 
		On exit  : 
		Unchanged: 
 Data sizes:     COMRAM   BANK0   BANK1   BANK2   BANK3   BANK4  BANK5h   BANK6   BANK7
      Params:         0       0       0       0       0       0       0       0       0
      Locals:         0      10       0       0       0       0       0       0       0
      Temps:          0       3       0       0       0       0       0       0       0
      Totals:         0      13       0       0       0       0       0       0       0
Total ram usage:       13 bytes
 Hardware stack levels used:    1
 Hardware stack levels required when called:   13
 This function calls:
		_USBTransferOnePacket
 This function is called by:
		_APP_DeviceCustomHIDTasks
 This function uses a non-reentrant model


 *************** function _SpiCfg *****************
 Defined at:
		line 327 in file "AccessB.c"
 Parameters:    Size  Location     Type
		None
 Auto vars:     Size  Location     Type
		None
 Return value:  Size  Location     Type
		None               void
 Registers used:
		wreg, status,2, status,0
 Tracked objects:
		On entry : 
		On exit  : 
		Unchanged: 
 Data sizes:     COMRAM   BANK0   BANK1   BANK2   BANK3   BANK4  BANK5h   BANK6   BANK7
      Params:         0       0       0       0       0       0       0       0       0
      Locals:         0       0       0       0       0       0       0       0       0
      Temps:          0       2       0       0       0       0       0       0       0
      Totals:         0       2       0       0       0       0       0       0       0
Total ram usage:        2 bytes
 Hardware stack levels used:    1
 Hardware stack levels required when called:   12
 This function calls:
		Nothing
 This function is called by:
		_APP_DeviceCustomHIDTasks
 This function uses a non-reentrant model


 *************** function _SfrReadBitValue *****************
 Defined at:
		line 948 in file "AccessB.c"
 Parameters:    Size  Location     Type
		None
 Auto vars:     Size  Location     Type
		None
 Return value:  Size  Location     Type
		None               void
 Registers used:
		wreg, fsr2l, fsr2h, status,2, status,0, prodl, prodh, cstack
 Tracked objects:
		On entry : 
		On exit  : 
		Unchanged: 
 Data sizes:     COMRAM   BANK0   BANK1   BANK2   BANK3   BANK4  BANK5h   BANK6   BANK7
      Params:         0       0       0       0       0       0       0       0       0
      Locals:         0       0       0       0       0       0       0       0       0
      Temps:          0       0       0       0       0       0       0       0       0
      Totals:         0       0       0       0       0       0       0       0       0
Total ram usage:        0 bytes
 Hardware stack levels used:    1
 Hardware stack levels required when called:   13
 This function calls:
		_USBTransferOnePacket
 This function is called by:
		_APP_DeviceCustomHIDTasks
 This function uses a non-reentrant model


 *************** function _SfrChangeBitValue *****************
 Defined at:
		line 594 in file "AccessB.c"
 Parameters:    Size  Location     Type
		None
 Auto vars:     Size  Location     Type
		None
 Return value:  Size  Location     Type
		None               void
 Registers used:
		wreg, status,2, status,0
 Tracked objects:
		On entry : 
		On exit  : 
		Unchanged: 
 Data sizes:     COMRAM   BANK0   BANK1   BANK2   BANK3   BANK4  BANK5h   BANK6   BANK7
      Params:         0       0       0       0       0       0       0       0       0
      Locals:         0       0       0       0       0       0       0       0       0
      Temps:          0       0       0       0       0       0       0       0       0
      Totals:         0       0       0       0       0       0       0       0       0
Total ram usage:        0 bytes
 Hardware stack levels used:    1
 Hardware stack levels required when called:   12
 This function calls:
		Nothing
 This function is called by:
		_APP_DeviceCustomHIDTasks
 This function uses a non-reentrant model


 *************** function _ReadSfr *****************
 Defined at:
		line 107 in file "AccessB.c"
 Parameters:    Size  Location     Type
		None
 Auto vars:     Size  Location     Type
  FSR0Htemp       2   52[BANK0 ] int 
  FSR0Ltemp       2   50[BANK0 ] int 
 Return value:  Size  Location     Type
		None               void
 Registers used:
		wreg, fsr2l, fsr2h, status,2, status,0, prodl, prodh, cstack
 Tracked objects:
		On entry : 
		On exit  : 
		Unchanged: 
 Data sizes:     COMRAM   BANK0   BANK1   BANK2   BANK3   BANK4  BANK5h   BANK6   BANK7
      Params:         0       0       0       0       0       0       0       0       0
      Locals:         0       6       0       0       0       0       0       0       0
      Temps:          0       1       0       0       0       0       0       0       0
      Totals:         0       7       0       0       0       0       0       0       0
Total ram usage:        7 bytes
 Hardware stack levels used:    1
 Hardware stack levels required when called:   13
 This function calls:
		_USBTransferOnePacket
 This function is called by:
		_APP_DeviceCustomHIDTasks
 This function uses a non-reentrant model


 *************** function _PwmFpwm *****************
 Defined at:
		line 927 in file "AccessB.c"
 Parameters:    Size  Location     Type
		None
 Auto vars:     Size  Location     Type
		None
 Return value:  Size  Location     Type
		None               void
 Registers used:
		wreg, status,2, status,0
 Tracked objects:
		On entry : 
		On exit  : 
		Unchanged: 
 Data sizes:     COMRAM   BANK0   BANK1   BANK2   BANK3   BANK4  BANK5h   BANK6   BANK7
      Params:         0       0       0       0       0       0       0       0       0
      Locals:         0       0       0       0       0       0       0       0       0
      Temps:          0       0       0       0       0       0       0       0       0
      Totals:         0       0       0       0       0       0       0       0       0
Total ram usage:        0 bytes
 Hardware stack levels used:    1
 Hardware stack levels required when called:   12
 This function calls:
		Nothing
 This function is called by:
		_APP_DeviceCustomHIDTasks
 This function uses a non-reentrant model


 *************** function _PwmDc *****************
 Defined at:
		line 934 in file "AccessB.c"
 Parameters:    Size  Location     Type
		None
 Auto vars:     Size  Location     Type
		None
 Return value:  Size  Location     Type
		None               void
 Registers used:
		wreg, status,2, status,0
 Tracked objects:
		On entry : 
		On exit  : 
		Unchanged: 
 Data sizes:     COMRAM   BANK0   BANK1   BANK2   BANK3   BANK4  BANK5h   BANK6   BANK7
      Params:         0       0       0       0       0       0       0       0       0
      Locals:         0       0       0       0       0       0       0       0       0
      Temps:          0       0       0       0       0       0       0       0       0
      Totals:         0       0       0       0       0       0       0       0       0
Total ram usage:        0 bytes
 Hardware stack levels used:    1
 Hardware stack levels required when called:   12
 This function calls:
		Nothing
 This function is called by:
		_APP_DeviceCustomHIDTasks
 This function uses a non-reentrant model


 *************** function _I2cTransference *****************
 Defined at:
		line 706 in file "AccessB.c"
 Parameters:    Size  Location     Type
		None
 Auto vars:     Size  Location     Type
  i               2   62[BANK0 ] int 
  i               2   60[BANK0 ] int 
 Return value:  Size  Location     Type
		None               void
 Registers used:
		wreg, fsr2l, fsr2h, status,2, status,0, prodl, prodh, cstack
 Tracked objects:
		On entry : 
		On exit  : 
		Unchanged: 
 Data sizes:     COMRAM   BANK0   BANK1   BANK2   BANK3   BANK4  BANK5h   BANK6   BANK7
      Params:         0       0       0       0       0       0       0       0       0
      Locals:         0      10       0       0       0       0       0       0       0
      Temps:          0       5       0       0       0       0       0       0       0
      Totals:         0      15       0       0       0       0       0       0       0
Total ram usage:       15 bytes
 Hardware stack levels used:    1
[...]
      Params:         0       0       0       0       0       0       0       0       0
      Locals:         2       0       0       0       0       0       0       0       0
      Temps:          1       0       0       0       0       0       0       0       0
      Totals:         3       0       0       0       0       0       0       0       0
Total ram usage:        3 bytes
 Hardware stack levels used:    1
 This function calls:
		Nothing
 This function is called by:
		_USBCheckStdRequest
 This function uses a non-reentrant model


 *************** function _USBStdGetDscHandler *****************
 Defined at:
		line 2057 in file "usb_device.c"
 Parameters:    Size  Location     Type
		None
 Auto vars:     Size  Location     Type
		None
 Return value:  Size  Location     Type
		None               void
 Registers used:
		wreg, fsr1l, fsr1h, status,2, status,0, tblptrl, tblptrh, tblptru, prodl, prodh
 Tracked objects:
		On entry : 
		On exit  : 
		Unchanged: 
 Data sizes:     COMRAM   BANK0   BANK1   BANK2   BANK3   BANK4  BANK5h   BANK6   BANK7
      Params:         0       0       0       0       0       0       0       0       0
      Locals:         0       0       0       0       0       0       0       0       0
      Temps:          2       0       0       0       0       0       0       0       0
      Totals:         2       0       0       0       0       0       0       0       0
Total ram usage:        2 bytes
 Hardware stack levels used:    1
 This function calls:
		Nothing
 This function is called by:
		_USBCheckStdRequest
 This function uses a non-reentrant model


 *************** function _USBStdFeatureReqHandler *****************
 Defined at:
		line 2774 in file "usb_device.c"
 Parameters:    Size  Location     Type
		None
 Auto vars:     Size  Location     Type
  p               2   20[BANK0 ] PTR struct __BDT
		 -> NULL(0), BDT(32), 
  pUEP            2   17[BANK0 ] PTR unsigned char 
		 -> UEP0(1), 
  current_ep_d    1   19[BANK0 ] struct .
 Return value:  Size  Location     Type
		None               void
 Registers used:
		wreg, fsr2l, fsr2h, status,2, status,0, prodl, prodh, cstack
 Tracked objects:
		On entry : 
		On exit  : 
		Unchanged: 
 Data sizes:     COMRAM   BANK0   BANK1   BANK2   BANK3   BANK4  BANK5h   BANK6   BANK7
      Params:         0       0       0       0       0       0       0       0       0
      Locals:         0       5       0       0       0       0       0       0       0
      Temps:          0       3       0       0       0       0       0       0       0
      Totals:         0       8       0       0       0       0       0       0       0
Total ram usage:        8 bytes
 Hardware stack levels used:    1
 Hardware stack levels required when called:    4
 This function calls:
		_USER_USB_CALLBACK_EVENT_HANDLER
 This function is called by:
		_USBCheckStdRequest
 This function uses a non-reentrant model


 *************** function _USER_USB_CALLBACK_EVENT_HANDLER *****************
 Defined at:
		line 92 in file "main.c"
 Parameters:    Size  Location     Type
  event           2    6[BANK0 ] enum E5012
  pdata           2    8[BANK0 ] PTR void 
		 -> USTATcopy(1), USBActiveConfiguration(1), NULL(0), BDT(32), 
  size            2   10[BANK0 ] unsigned int 
 Auto vars:     Size  Location     Type
		None
 Return value:  Size  Location     Type
                  1    wreg      unsigned char 
 Registers used:
		wreg, fsr2l, fsr2h, status,2, status,0, prodl, prodh, cstack
 Tracked objects:
		On entry : 
		On exit  : 
		Unchanged: 
 Data sizes:     COMRAM   BANK0   BANK1   BANK2   BANK3   BANK4  BANK5h   BANK6   BANK7
      Params:         0       6       0       0       0       0       0       0       0
      Locals:         0       0       0       0       0       0       0       0       0
      Temps:          0       2       0       0       0       0       0       0       0
      Totals:         0       8       0       0       0       0       0       0       0
Total ram usage:        8 bytes
 Hardware stack levels used:    1
 Hardware stack levels required when called:    3
 This function calls:
		_APP_DeviceCustomHIDInitialize
		_USBCheckHIDRequest
 This function is called by:
		_USBDeviceTasks
		_USBStdSetCfgHandler
		_USBSuspend
		_USBWakeFromSuspend
		_USBCtrlTrfSetupHandler
		_USBCheckStdRequest
		_USBStdFeatureReqHandler
 This function uses a non-reentrant model


 *************** function _USBCheckHIDRequest *****************
 Defined at:
		line 153 in file "usb_device_hid.c"
 Parameters:    Size  Location     Type
		None
 Auto vars:     Size  Location     Type
		None
 Return value:  Size  Location     Type
		None               void
 Registers used:
		wreg, status,2, status,0
 Tracked objects:
		On entry : 
		On exit  : 
		Unchanged: 
 Data sizes:     COMRAM   BANK0   BANK1   BANK2   BANK3   BANK4  BANK5h   BANK6   BANK7
      Params:         0       0       0       0       0       0       0       0       0
      Locals:         0       0       0       0       0       0       0       0       0
      Temps:          1       0       0       0       0       0       0       0       0
      Totals:         1       0       0       0       0       0       0       0       0
Total ram usage:        1 bytes
 Hardware stack levels used:    1
 This function calls:
		Nothing
 This function is called by:
		_USER_USB_CALLBACK_EVENT_HANDLER
 This function uses a non-reentrant model


 *************** function _APP_DeviceCustomHIDInitialize *****************
 Defined at:
		line 99 in file "app_device_custom_hid.c"
 Parameters:    Size  Location     Type
		None
 Auto vars:     Size  Location     Type
		None
 Return value:  Size  Location     Type
		None               void
 Registers used:
		wreg, fsr2l, fsr2h, status,2, status,0, prodl, prodh, cstack
 Tracked objects:
		On entry : 
		On exit  : 
		Unchanged: 
 Data sizes:     COMRAM   BANK0   BANK1   BANK2   BANK3   BANK4  BANK5h   BANK6   BANK7
      Params:         0       0       0       0       0       0       0       0       0
      Locals:         0       0       0       0       0       0       0       0       0
      Temps:          0       0       0       0       0       0       0       0       0
      Totals:         0       0       0       0       0       0       0       0       0
Total ram usage:        0 bytes
 Hardware stack levels used:    1
 Hardware stack levels required when called:    2
 This function calls:
		_USBEnableEndpoint
		i2_USBTransferOnePacket
 This function is called by:
		_USER_USB_CALLBACK_EVENT_HANDLER
 This function uses a non-reentrant model


 *************** function i2_USBTransferOnePacket *****************
 Defined at:
		line 1009 in file "usb_device.c"
 Parameters:    Size  Location     Type
  ep              1    wreg     unsigned char 
  dir             1   28[COMRAM] unsigned char 
  data            2   29[COMRAM] PTR unsigned char 
		 -> ReceivedDataBuffer(64), ToSendDataBuffer(64), 
  len             1   31[COMRAM] unsigned char 
 Auto vars:     Size  Location     Type
  ep              1   32[COMRAM] unsigned char 
  USBTransferO    2   33[COMRAM] PTR volatile struct __BD
		 -> NULL(0), BDT(32), 
 Return value:  Size  Location     Type
                  2   28[COMRAM] PTR void 
 Registers used:
		wreg, fsr2l, fsr2h, status,2, status,0, prodl, prodh
 Tracked objects:
		On entry : 
		On exit  : 
		Unchanged: 
 Data sizes:     COMRAM   BANK0   BANK1   BANK2   BANK3   BANK4  BANK5h   BANK6   BANK7
      Params:         4       0       0       0       0       0       0       0       0
      Locals:         3       0       0       0       0       0       0       0       0
      Temps:          0       0       0       0       0       0       0       0       0
      Totals:         7       0       0       0       0       0       0       0       0
Total ram usage:        7 bytes
 Hardware stack levels used:    1
 This function calls:
		Nothing
 This function is called by:
		_APP_DeviceCustomHIDInitialize
 This function uses a non-reentrant model


 *************** function _USBEnableEndpoint *****************
 Defined at:
		line 892 in file "usb_device.c"
 Parameters:    Size  Location     Type
  ep              1    wreg     unsigned char 
  options         1    0[BANK0 ] unsigned char 
 Auto vars:     Size  Location     Type
  ep              1    5[BANK0 ] unsigned char 
  p               2    3[BANK0 ] PTR unsigned char 
		 -> UEP0(1), 
 Return value:  Size  Location     Type
		None               void
 Registers used:
		wreg, fsr2l, fsr2h, status,2, status,0, prodl, prodh, cstack
 Tracked objects:
		On entry : 
		On exit  : 
		Unchanged: 
 Data sizes:     COMRAM   BANK0   BANK1   BANK2   BANK3   BANK4  BANK5h   BANK6   BANK7
      Params:         0       1       0       0       0       0       0       0       0
      Locals:         0       3       0       0       0       0       0       0       0
      Temps:          0       2       0       0       0       0       0       0       0
      Totals:         0       6       0       0       0       0       0       0       0
Total ram usage:        6 bytes
 Hardware stack levels used:    1
 Hardware stack levels required when called:    1
 This function calls:
		_USBConfigureEndpoint
 This function is called by:
		_APP_DeviceCustomHIDInitialize
 This function uses a non-reentrant model


 *************** function _USBConfigureEndpoint *****************
 Defined at:
		line 1557 in file "usb_device.c"
 Parameters:    Size  Location     Type
  EPNum           1    wreg     unsigned char 
  direction       1   28[COMRAM] unsigned char 
 Auto vars:     Size  Location     Type
  EPNum           1   33[COMRAM] unsigned char 
  handle          2   34[COMRAM] PTR volatile struct __BD
		 -> BDT(32), 
 Return value:  Size  Location     Type
		None               void
 Registers used:
		wreg, fsr2l, fsr2h, status,2, status,0, prodl, prodh
 Tracked objects:
		On entry : 
		On exit  : 
		Unchanged: 
 Data sizes:     COMRAM   BANK0   BANK1   BANK2   BANK3   BANK4  BANK5h   BANK6   BANK7
      Params:         1       0       0       0       0       0       0       0       0
      Locals:         3       0       0       0       0       0       0       0       0
      Temps:          4       0       0       0       0       0       0       0       0
      Totals:         8       0       0       0       0       0       0       0       0
Total ram usage:        8 bytes
 Hardware stack levels used:    1
 This function calls:
		Nothing
 This function is called by:
		_USBEnableEndpoint
 This function uses a non-reentrant model


 *************** function _USBCtrlTrfOutHandler *****************
 Defined at:
		line 2558 in file "usb_device.c"
 Parameters:    Size  Location     Type
		None
 Auto vars:     Size  Location     Type
		None
 Return value:  Size  Location     Type
		None               void
 Registers used:
		wreg, fsr1l, fsr1h, fsr2l, fsr2h, status,2, status,0, prodl, prodh, cstack
 Tracked objects:
		On entry : 
		On exit  : 
		Unchanged: 
 Data sizes:     COMRAM   BANK0   BANK1   BANK2   BANK3   BANK4  BANK5h   BANK6   BANK7
      Params:         0       0       0       0       0       0       0       0       0
      Locals:         0       0       0       0       0       0       0       0       0
      Temps:          0       0       0       0       0       0       0       0       0
      Totals:         0       0       0       0       0       0       0       0       0
Total ram usage:        0 bytes
 Hardware stack levels used:    1
 Hardware stack levels required when called:    2
 This function calls:
		_USBCtrlTrfRxService
 This function is called by:
		_USBCtrlEPService
 This function uses a non-reentrant model


 *************** function _USBCtrlTrfRxService *****************
 Defined at:
		line 1866 in file "usb_device.c"
 Parameters:    Size  Location     Type
		None
 Auto vars:     Size  Location     Type
  byteToRead      1   29[COMRAM] unsigned char 
  i               1   28[COMRAM] unsigned char 
 Return value:  Size  Location     Type
		None               void
 Registers used:
		wreg, fsr1l, fsr1h, fsr2l, fsr2h, status,2, status,0, prodl, prodh, cstack
 Tracked objects:
		On entry : 
		On exit  : 
		Unchanged: 
 Data sizes:     COMRAM   BANK0   BANK1   BANK2   BANK3   BANK4  BANK5h   BANK6   BANK7
      Params:         0       0       0       0       0       0       0       0       0
      Locals:         2       0       0       0       0       0       0       0       0
      Temps:          0       0       0       0       0       0       0       0       0
      Totals:         2       0       0       0       0       0       0       0       0
Total ram usage:        2 bytes
 Hardware stack levels used:    1
 Hardware stack levels required when called:    1
 This function calls:
		_USBCtrlEPAllowStatusStage
 This function is called by:
		_USBCtrlTrfOutHandler
 This function uses a non-reentrant model


 *************** function _USBCtrlEPAllowStatusStage *****************
 Defined at:
		line 1430 in file "usb_device.c"
 Parameters:    Size  Location     Type
		None
 Auto vars:     Size  Location     Type
		None
 Return value:  Size  Location     Type
		None               void
 Registers used:
		wreg, fsr2l, fsr2h, status,2, status,0
 Tracked objects:
		On entry : 
		On exit  : 
		Unchanged: 
 Data sizes:     COMRAM   BANK0   BANK1   BANK2   BANK3   BANK4  BANK5h   BANK6   BANK7
      Params:         0       0       0       0       0       0       0       0       0
      Locals:         0       0       0       0       0       0       0       0       0
      Temps:          0       0       0       0       0       0       0       0       0
      Totals:         0       0       0       0       0       0       0       0       0
Total ram usage:        0 bytes
 Hardware stack levels used:    1
 This function calls:
		Nothing
 This function is called by:
		_USBDeviceTasks
		_USBCtrlEPServiceComplete
		_USBCtrlTrfRxService
 This function uses a non-reentrant model


 *************** function _USBCtrlTrfInHandler *****************
 Defined at:
		line 2612 in file "usb_device.c"
 Parameters:    Size  Location     Type
		None
 Auto vars:     Size  Location     Type
  lastDTS         1   29[COMRAM] unsigned char 
 Return value:  Size  Location     Type
		None               void
 Registers used:
		wreg, fsr1l, fsr1h, fsr2l, fsr2h, status,2, status,0, tblptrl, tblptrh, tblptru, cstack
 Tracked objects:
		On entry : 
		On exit  : 
		Unchanged: 
 Data sizes:     COMRAM   BANK0   BANK1   BANK2   BANK3   BANK4  BANK5h   BANK6   BANK7
      Params:         0       0       0       0       0       0       0       0       0
      Locals:         1       0       0       0       0       0       0       0       0
      Temps:          0       0       0       0       0       0       0       0       0
      Totals:         1       0       0       0       0       0       0       0       0
Total ram usage:        1 bytes
 Hardware stack levels used:    1
 Hardware stack levels required when called:    1
 This function calls:
		_USBCtrlTrfTxService
 This function is called by:
		_USBCtrlEPService
 This function uses a non-reentrant model


 *************** function _USBCtrlTrfTxService *****************
 Defined at:
		line 1785 in file "usb_device.c"
 Parameters:    Size  Location     Type
		None
 Auto vars:     Size  Location     Type
  byteToSend      1   28[COMRAM] unsigned char 
 Return value:  Size  Location     Type
		None               void
 Registers used:
		wreg, fsr1l, fsr1h, fsr2l, fsr2h, status,2, status,0, tblptrl, tblptrh, tblptru
 Tracked objects:
		On entry : 
		On exit  : 
		Unchanged: 
 Data sizes:     COMRAM   BANK0   BANK1   BANK2   BANK3   BANK4  BANK5h   BANK6   BANK7
      Params:         0       0       0       0       0       0       0       0       0
      Locals:         1       0       0       0       0       0       0       0       0
      Temps:          0       0       0       0       0       0       0       0       0
      Totals:         1       0       0       0       0       0       0       0       0
Total ram usage:        1 bytes
 Hardware stack levels used:    1
 This function calls:
		Nothing
 This function is called by:
		_USBCtrlEPAllowDataStage
		_USBCtrlTrfInHandler
 This function uses a non-reentrant model



MODULE INFORMATION

Module		Function		Class		Link	Load	Size
C:\Program Files (x86)\Microchip\xc8\v1.32\sources\common\memset.c
		_memset        		CODE           	3EDE	0000	56

C:\Program Files (x86)\Microchip\xc8\v1.32\sources\common\memset.c estimated size: 56

usb_device_hid.c
		_USBCheckHIDReq		CODE           	2E44	0000	256

usb_device_hid.c estimated size: 256

app_device_custom_hid.c
		_APP_DeviceCust		CODE           	264A	0000	340
		_APP_DeviceCust		CODE           	3F4E	0000	56

app_device_custom_hid.c estimated size: 396

shared
		_configDescript		SMALLCONST     	086B	0000	41
		_USB_CD_Ptr    		SMALLCONST     	0807	0000	2
		_sd001         		SMALLCONST     	0809	0000	52
		_sd002         		SMALLCONST     	083D	0000	46
		i2_USBDeviceIni		CODE           	20A8	0000	374
		__initializatio		CODE           	4044	0000	24
		_device_dsc    		SMALLCONST     	08B1	0000	18
		_USB_SD_Ptr    		SMALLCONST     	0801	0000	6
		_hid_rpt01     		SMALLCONST     	0894	0000	29
		i2_memset      		CODE           	4018	0000	44
		_sd000         		SMALLCONST     	08C3	0000	4
		i1_USBTransferO		CODE           	34A2	0000	202
		i2_USBTransferO		CODE           	356C	0000	202

shared estimated size: 1044

usb_device.c
		_USBCtrlTrfInHa		CODE           	3888	0000	166
		_USBTransferOne		CODE           	2F44	0000	248
		_USBDeviceAttac		CODE           	3FBC	0000	46
		_USBStdGetDscHa		CODE           	28F2	0000	318
		_USBCtrlEPAllow		CODE           	39CC	0000	158
		_USBStdFeatureR		CODE           	1C06	0000	800
		_USBCtrlEPAllow		CODE           	37C4	0000	196
		_USBCtrlTrfSetu		CODE           	392E	0000	158
		_USBCtrlTrfOutH		CODE           	3D78	0000	90
		_USBCtrlEPServi		CODE           	303C	0000	240
		_USBSuspend    		CODE           	3F16	0000	56
		_USBStdSetCfgHa		CODE           	2B3E	0000	262
		_USBStdGetStatu		CODE           	36FE	0000	198
		_USBWakeFromSus		CODE           	3E62	0000	62
		_USBCtrlTrfRxSe		CODE           	2A30	0000	270
		_USBCtrlTrfTxSe		CODE           	3218	0000	232
		_USBEnableEndpo		CODE           	3D1C	0000	92
		_USBConfigureEn		CODE           	3A6A	0000	158
		_USBDeviceInit 		CODE           	1F26	0000	386
		_USBIncrement1m		CODE           	4066	0000	26
		_USBCtrlEPServi		CODE           	312C	0000	236
		_USBStallHandle		CODE           	3EA0	0000	62
		_USBDeviceTasks		CODE           	279E	0000	340
		_USBCheckStdReq		CODE           	2D44	0000	256

usb_device.c estimated size: 5056

AccessB.c
		_SfrChangeBitVa		CODE           	2C44	0000	256
		_WriteSfr      		CODE           	2388	0000	356
		_PwmDc         		CODE           	3FEA	0000	46
		_Test          		CODE           	08C8	0000	2334
		_SfrReadBitValu		CODE           	3636	0000	200
		_AnalogCmpCfg  		CODE           	3CBA	0000	98
		_SpiTransferenc		CODE           	170A	0000	1276
		_PwmFpwm       		CODE           	4096	0000	20
		_CcpCfg        		CODE           	3DD2	0000	82
		_EusartRx      		CODE           	3B08	0000	114
		_I2cTransferenc		CODE           	11E6	0000	1316
		_SpiCfg        		CODE           	3E24	0000	62
		_ReadSfr       		CODE           	221E	0000	362
		_AdcBufferedRea		CODE           	3300	0000	212
		_AdcValue      		CODE           	24EC	0000	350
		_AdcCfg        		CODE           	33D4	0000	206
		_EusartTx      		CODE           	3B7A	0000	110
		_I2cCfg        		CODE           	40AA	0000	18

AccessB.c estimated size: 7418

main.c
		_main          		CODE           	3F86	0000	54
		_USER_USB_CALLB		CODE           	3C54	0000	102

main.c estimated size: 156

system.c
		_SYS_InterruptH		CODE           	0008	0000	15436
		_ISRLowPriority		CODE           	0018	0000	386
		_SYSTEM_Initial		CODE           	4080	0000	22

system.c estimated size: 15844

